Towards General Negotiation Strategies with End-to-End Reinforcement Learning: 6721
The Unreasonable Effectiveness of Open Science in AI A Replication Study: 5041
Applying and benchmarking a stochastic programming-based bidding strategy for day-ahead hydropower scheduling: 13441
Trajectory-based algorithm selection with warm-starting: 4481
Weighted Initialisation of Evolutionary Instrument and Pitch Detection in Polyphonic Music: 8961
Speeding up neural network robustness verification via algorithm configuration and an optimised mixed integer linear programming solver portfolio: 11201
Guidelines for the Quality Assessment of Energy-Aware NAS Benchmarks: 5601
Revisiting SATZilla Features in 2024: 14561
Empirical Analysis of Upper Bounds for Robustness Distributions using Adversarial Attacks: 15681
Hyperparameter Optimization via Interacting with Probabilistic Circuits: 21841
Incorporating the Cycle Inductive Bias in Masked Autoencoders: 5041
Combining Automated Optimisation of Hyperparameters and Reward Shape: 14561
Instance selection for configuration performance comparison: 7281
Automatic Adjusting Global Similarity Measures in Learning CBR Systems: 8961
HyperSHAP: Shapley Values and Interactions for Explaining Hyperparameter Optimization: 5041
The Evolution of Conformity, Malleability, and Influence in Simulated Online Agents: 15121
Time Series Representations Classroom (TSRC) A Teacher-Student-based Framework for Interpretability-enhanced Unsupervised Time Series Representation Learning: 24081
Leveraging AutoML for Sustainable Deep Learning: A Multi- Objective HPO Approach on Deep Shift Neural Networks: 16801
Robustness Distributions in Neural Network Verification: 22961
AutoMergeNet- AutoML-Based M-Source Satellite Data Fusion Evaluated With Atmospheric Case Studies: 7281
Exploring the Integration of Spatial Information into a Spectral Clustering Approach to Unsupervised Band Selection: 5041
Examining the robustness of Physics-Informed Neural Networks to noise for Inverse Problems: 17921
Dynamic Algorithm Termination for Branch-and-Bound-based Neural Network Verification: 12881
Data Efficient Pre-training for Language Models An Empirical Study of Compute Efficiency and Linguistic Competence: 7841
Audio Classification Models are Vulnerable to Filter Pertubations: 2801
Regularized Feature Selection Landscapes An Empirical Study of Multimodality: 10081
Edge-Based Graph Component Pooling: 8401
Towards Consistent and Efficient Decision-based Attacks: 5601
Rethinking Evaluation Paradigms in IBP-based Certified Training: 21281
Growing with Experience- Growing Neural Networks in Deep Reinforcement Learning: 2801
An Evaluation of Neural Network Architectures for Predicting Hydro Unit Commitment Decisions: 3361
Hyperparameters in Reinforcement Learning and How To Tune Them: 25761
EDC: Equation Discovery for Classification: 8401
carps- A Framework for Comparing N Hyperparameter Optimizers on M Benchmarks: 19601
